
[1m[30m[46m RUN [49m[39m[22m [36mv4.1.6 [39m[90mC:/Users/caiul/OneDrive/Documentos/projetos/ferreira/ecommerce-mvp[39m

 [31mÔØ»[39m src/contexts/CartContext.test.jsx [2m([22m[2m8 tests[22m[2m | [22m[31m3 failed[39m[2m)[22m[32m 300[2mms[22m[39m
     [32mÔ£ô[39m starts empty[32m 60[2mms[22m[39m
     [32mÔ£ô[39m adds new items and accumulates quantity for the same product[32m 80[2mms[22m[39m
     [32mÔ£ô[39m updateQuantity sets a new quantity, and 0 removes the item[32m 24[2mms[22m[39m
     [32mÔ£ô[39m removeItem removes a product[32m 28[2mms[22m[39m
     [32mÔ£ô[39m clearCart empties the cart[32m 7[2mms[22m[39m
[31m     [31m├ù[31m persists to localStorage on change[39m[32m 15[2mms[22m[39m
[31m     [31m├ù[31m rehydrates from localStorage when provider mounts[39m[32m 65[2mms[22m[39m
[31m     [31m├ù[31m survives corrupted localStorage by returning empty cart[39m[32m 10[2mms[22m[39m
 [32mÔ£ô[39m src/components/admin/ProductForm.test.jsx [2m([22m[2m4 tests[22m[2m)[22m[33m 4064[2mms[22m[39m
     [33m[2mÔ£ô[22m[39m on edit, "Desativar" sends update is_active=false (not a hard delete) and navigates back [33m 1920[2mms[22m[39m
     [33m[2mÔ£ô[22m[39m does NOT delete the product (no hard delete builder call) [33m 809[2mms[22m[39m
     [33m[2mÔ£ô[22m[39m button label flips to "Desativando..." while in-flight [33m 967[2mms[22m[39m
     [33m[2mÔ£ô[22m[39m aborts when user cancels the confirm dialog [33m 333[2mms[22m[39m
 [32mÔ£ô[39m src/pages/Category.test.jsx [2m([22m[2m3 tests[22m[2m)[22m[33m 2891[2mms[22m[39m
     [33m[2mÔ£ô[22m[39m renders category title, breadcrumb and product list [33m 2019[2mms[22m[39m
     [33m[2mÔ£ô[22m[39m Add to cart calls addItem with product [33m 572[2mms[22m[39m
 [32mÔ£ô[39m src/pages/admin/OrderDetail.test.jsx [2m([22m[2m4 tests[22m[2m)[22m[33m 3888[2mms[22m[39m
     [33m[2mÔ£ô[22m[39m renders order header, items, totals and address [33m 1166[2mms[22m[39m
     [33m[2mÔ£ô[22m[39m changing status select sends an update and shows success toast [33m 2417[2mms[22m[39m
 [32mÔ£ô[39m src/pages/Sacola.test.jsx [2m([22m[2m7 tests[22m[2m)[22m[33m 4230[2mms[22m[39m
     [33m[2mÔ£ô[22m[39m shows empty state when cart is empty [33m 309[2mms[22m[39m
     [33m[2mÔ£ô[22m[39m lists items, subtotal, and free shipping hint for cart >= R$100 [33m 470[2mms[22m[39m
     [33m[2mÔ£ô[22m[39m + button increments quantity [33m 1941[2mms[22m[39m
     [33m[2mÔ£ô[22m[39m ÔêÆ button decrements quantity, and reaching 0 removes the item [33m 323[2mms[22m[39m
     [33m[2mÔ£ô[22m[39m Remover button removes the item from cart [33m 677[2mms[22m[39m
 [31mÔØ»[39m src/pages/MinhaConta.test.jsx [2m([22m[2m4 tests[22m[2m | [22m[31m1 failed[39m[2m)[22m[33m 4489[2mms[22m[39m
     [33m[2mÔ£ô[22m[39m renders profile info [33m 965[2mms[22m[39m
     [33m[2mÔ£ô[22m[39m renders order history with status badges [33m 379[2mms[22m[39m
     [33m[2mÔ£ô[22m[39m shows links to order detail pages [33m 1756[2mms[22m[39m
[31m     [31m├ù[31m shows "Nenhum pedido ainda." when no orders exist[39m[33m 1375[2mms[22m[39m
 [32mÔ£ô[39m src/pages/Home.test.jsx [2m([22m[2m5 tests[22m[2m)[22m[33m 4598[2mms[22m[39m
     [33m[2mÔ£ô[22m[39m renders products and category filter buttons [33m 1938[2mms[22m[39m
     [33m[2mÔ£ô[22m[39m shows compare_price along with current price for promo items [33m 329[2mms[22m[39m
     [33m[2mÔ£ô[22m[39m shows "Esgotado" for out_of_stock products and Add button for available ones [33m 496[2mms[22m[39m
     [33m[2mÔ£ô[22m[39m clicking a category filter filters the products [33m 938[2mms[22m[39m
     [33m[2mÔ£ô[22m[39m Add to cart calls addItem with product data [33m 884[2mms[22m[39m
 [32mÔ£ô[39m src/pages/admin/Orders.test.jsx [2m([22m[2m5 tests[22m[2m)[22m[33m 6209[2mms[22m[39m
     [33m[2mÔ£ô[22m[39m renders all orders initially [33m 704[2mms[22m[39m
     [33m[2mÔ£ô[22m[39m filtering by status sends eq(status, ...) and shows only matches [33m 2240[2mms[22m[39m
     [33m[2mÔ£ô[22m[39m search filter narrows by client name (client-side) [33m 859[2mms[22m[39m
     [33m[2mÔ£ô[22m[39m "Limpar filtros" resets state and shows all [33m 1433[2mms[22m[39m
     [33m[2mÔ£ô[22m[39m every row exposes a "Ver detalhes" link to the right route [33m 954[2mms[22m[39m
 [32mÔ£ô[39m src/pages/ProductDetail.test.jsx [2m([22m[2m7 tests[22m[2m)[22m[33m 6364[2mms[22m[39m
     [33m[2mÔ£ô[22m[39m renders product name, prices, description and breadcrumb [33m 2728[2mms[22m[39m
     [33m[2mÔ£ô[22m[39m quantity selector increments and respects minimum of 1 [33m 2273[2mms[22m[39m
     [33m[2mÔ£ô[22m[39m Adicionar a Sacola calls addItem with chosen quantity [33m 764[2mms[22m[39m
 [32mÔ£ô[39m src/pages/Checkout.test.jsx [2m([22m[2m10 tests[22m[2m)[22m[33m 6746[2mms[22m[39m
     [33m[2mÔ£ô[22m[39m renders cart summary with items and totals [33m 665[2mms[22m[39m
     [33m[2mÔ£ô[22m[39m shows registration form when not logged in [33m 493[2mms[22m[39m
     [33m[2mÔ£ô[22m[39m renders address form with CEP field [33m 405[2mms[22m[39m
     [33m[2mÔ£ô[22m[39m shows CEP error message on invalid CEP [33m 2861[2mms[22m[39m
     [33m[2mÔ£ô[22m[39m shows fallback message when ViaCEP fails [33m 863[2mms[22m[39m
     [33m[2mÔ£ô[22m[39m auto-fills address fields on valid CEP [33m 774[2mms[22m[39m
 [31mÔØ»[39m src/pages/Register.test.jsx [2m([22m[2m3 tests[22m[2m | [22m[31m2 failed[39m[2m)[22m[33m 7799[2mms[22m[39m
[31m     [31m├ù[31m submits sign-up with form fields and navigates to home on success[39m[33m 5098[2mms[22m[39m
[31m     [31m├ù[31m shows error toast when sign-up fails[39m[33m 2561[2mms[22m[39m
     [32mÔ£ô[39m links to /login[32m 126[2mms[22m[39m
 [32mÔ£ô[39m src/pages/admin/Dashboard.test.jsx [2m([22m[2m4 tests[22m[2m)[22m[33m 1604[2mms[22m[39m
     [33m[2mÔ£ô[22m[39m renders product count and period revenue cards (cancelled excluded from revenue) [33m 372[2mms[22m[39m
     [33m[2mÔ£ô[22m[39m lists recent orders with link to detail page [33m 1073[2mms[22m[39m
 [32mÔ£ô[39m src/test/security.test.js [2m([22m[2m5 tests[22m[2m)[22m[32m 24[2mms[22m[39m
 [32mÔ£ô[39m src/lib/formatPrice.test.js [2m([22m[2m4 tests[22m[2m)[22m[32m 59[2mms[22m[39m
 [32mÔ£ô[39m src/pages/OrderConfirmation.test.jsx [2m([22m[2m6 tests[22m[2m)[22m[33m 1146[2mms[22m[39m
     [33m[2mÔ£ô[22m[39m renders order details with items and totals [33m 562[2mms[22m[39m

[2m Test Files [22m [1m[31m3 failed[39m[22m[2m | [22m[1m[32m12 passed[39m[22m[90m (15)[39m
[2m      Tests [22m [1m[31m6 failed[39m[22m[2m | [22m[1m[32m73 passed[39m[22m[90m (79)[39m
[2m   Start at [22m 23:06:04
[2m   Duration [22m 29.30s[2m (transform 8.66s, setup 30.52s, import 24.47s, tests 54.41s, environment 123.02s)[22m

